
Allocating common symbols
Common symbol       size              file

ADC_Result          0x2               ..\obj\main.o

Discarded input sections

 .text          0x00000000        0x0 ..\obj\stm32f4xx_syscfg.o
 .data          0x00000000        0x0 ..\obj\stm32f4xx_syscfg.o
 .bss           0x00000000        0x0 ..\obj\stm32f4xx_syscfg.o
 .text.SYSCFG_DeInit
                0x00000000       0x1c ..\obj\stm32f4xx_syscfg.o
 .text.SYSCFG_MemoryRemapConfig
                0x00000000       0x20 ..\obj\stm32f4xx_syscfg.o
 .text.SYSCFG_EXTILineConfig
                0x00000000       0x84 ..\obj\stm32f4xx_syscfg.o
 .text.SYSCFG_ETH_MediaInterfaceConfig
                0x00000000       0x1c ..\obj\stm32f4xx_syscfg.o
 .text.SYSCFG_CompensationCellCmd
                0x00000000       0x20 ..\obj\stm32f4xx_syscfg.o
 .text.SYSCFG_GetCompensationCellStatus
                0x00000000       0x30 ..\obj\stm32f4xx_syscfg.o
 .debug_info    0x00000000      0x274 ..\obj\stm32f4xx_syscfg.o
 .debug_abbrev  0x00000000      0x133 ..\obj\stm32f4xx_syscfg.o
 .debug_aranges
                0x00000000       0x48 ..\obj\stm32f4xx_syscfg.o
 .debug_ranges  0x00000000       0x38 ..\obj\stm32f4xx_syscfg.o
 .debug_line    0x00000000      0x219 ..\obj\stm32f4xx_syscfg.o
 .debug_str     0x00000000      0x2ee ..\obj\stm32f4xx_syscfg.o
 .comment       0x00000000       0x6f ..\obj\stm32f4xx_syscfg.o
 .debug_frame   0x00000000       0xf4 ..\obj\stm32f4xx_syscfg.o
 .ARM.attributes
                0x00000000       0x33 ..\obj\stm32f4xx_syscfg.o
 .text          0x00000000        0x0 ..\obj\stm32f4xx_usart.o
 .data          0x00000000        0x0 ..\obj\stm32f4xx_usart.o
 .bss           0x00000000        0x0 ..\obj\stm32f4xx_usart.o
 .text.USART_DeInit
                0x00000000       0xd4 ..\obj\stm32f4xx_usart.o
 .text.USART_StructInit
                0x00000000       0x38 ..\obj\stm32f4xx_usart.o
 .text.USART_ClockInit
                0x00000000       0x54 ..\obj\stm32f4xx_usart.o
 .text.USART_ClockStructInit
                0x00000000       0x2c ..\obj\stm32f4xx_usart.o
 .text.USART_SetPrescaler
                0x00000000       0x38 ..\obj\stm32f4xx_usart.o
 .text.USART_OverSampling8Cmd
                0x00000000       0x44 ..\obj\stm32f4xx_usart.o
 .text.USART_OneBitMethodCmd
                0x00000000       0x40 ..\obj\stm32f4xx_usart.o
 .text.USART_ReceiveData
                0x00000000       0x20 ..\obj\stm32f4xx_usart.o
 .text.USART_SetAddress
                0x00000000       0x38 ..\obj\stm32f4xx_usart.o
 .text.USART_ReceiverWakeUpCmd
                0x00000000       0x40 ..\obj\stm32f4xx_usart.o
 .text.USART_WakeUpConfig
                0x00000000       0x38 ..\obj\stm32f4xx_usart.o
 .text.USART_LINBreakDetectLengthConfig
                0x00000000       0x38 ..\obj\stm32f4xx_usart.o
 .text.USART_LINCmd
                0x00000000       0x40 ..\obj\stm32f4xx_usart.o
 .text.USART_SendBreak
                0x00000000       0x24 ..\obj\stm32f4xx_usart.o
 .text.USART_HalfDuplexCmd
                0x00000000       0x40 ..\obj\stm32f4xx_usart.o
 .text.USART_SetGuardTime
                0x00000000       0x3c ..\obj\stm32f4xx_usart.o
 .text.USART_SmartCardCmd
                0x00000000       0x40 ..\obj\stm32f4xx_usart.o
 .text.USART_SmartCardNACKCmd
                0x00000000       0x40 ..\obj\stm32f4xx_usart.o
 .text.USART_IrDAConfig
                0x00000000       0x38 ..\obj\stm32f4xx_usart.o
 .text.USART_IrDACmd
                0x00000000       0x40 ..\obj\stm32f4xx_usart.o
 .text.USART_DMACmd
                0x00000000       0x48 ..\obj\stm32f4xx_usart.o
 .text.USART_GetFlagStatus
                0x00000000       0x38 ..\obj\stm32f4xx_usart.o
 .text.USART_ClearFlag
                0x00000000       0x20 ..\obj\stm32f4xx_usart.o
 .text.USART_ClearITPendingBit
                0x00000000       0x38 ..\obj\stm32f4xx_usart.o
 .text          0x00000000        0x0 ..\obj\startup_stm32f4xx.o
 .data          0x00000000        0x0 ..\obj\startup_stm32f4xx.o
 .bss           0x00000000        0x0 ..\obj\startup_stm32f4xx.o
 .text          0x00000000        0x0 ..\obj\main.o
 .data          0x00000000        0x0 ..\obj\main.o
 .text.usart_wyslijznak
                0x00000000       0x34 ..\obj\main.o
 .text.usart_odbierzznak
                0x00000000       0x28 ..\obj\main.o
 .text.przycisk
                0x00000000       0x30 ..\obj\main.o
 .text.przerwanie_przycisk
                0x00000000       0x48 ..\obj\main.o
 .text          0x00000000        0x0 ..\obj\stm32f4xx_rcc.o
 .bss           0x00000000        0x0 ..\obj\stm32f4xx_rcc.o
 .text.RCC_DeInit
                0x00000000       0x50 ..\obj\stm32f4xx_rcc.o
 .text.RCC_HSEConfig
                0x00000000       0x24 ..\obj\stm32f4xx_rcc.o
 .text.RCC_WaitForHSEStartUp
                0x00000000       0x50 ..\obj\stm32f4xx_rcc.o
 .text.RCC_AdjustHSICalibrationValue
                0x00000000       0x3c ..\obj\stm32f4xx_rcc.o
 .text.RCC_HSICmd
                0x00000000       0x20 ..\obj\stm32f4xx_rcc.o
 .text.RCC_LSEConfig
                0x00000000       0x40 ..\obj\stm32f4xx_rcc.o
 .text.RCC_LSICmd
                0x00000000       0x20 ..\obj\stm32f4xx_rcc.o
 .text.RCC_PLLConfig
                0x00000000       0x3c ..\obj\stm32f4xx_rcc.o
 .text.RCC_PLLCmd
                0x00000000       0x20 ..\obj\stm32f4xx_rcc.o
 .text.RCC_PLLI2SConfig
                0x00000000       0x28 ..\obj\stm32f4xx_rcc.o
 .text.RCC_PLLI2SCmd
                0x00000000       0x20 ..\obj\stm32f4xx_rcc.o
 .text.RCC_ClockSecuritySystemCmd
                0x00000000       0x20 ..\obj\stm32f4xx_rcc.o
 .text.RCC_MCO1Config
                0x00000000       0x3c ..\obj\stm32f4xx_rcc.o
 .text.RCC_MCO2Config
                0x00000000       0x3c ..\obj\stm32f4xx_rcc.o
 .text.RCC_SYSCLKConfig
                0x00000000       0x38 ..\obj\stm32f4xx_rcc.o
 .text.RCC_GetSYSCLKSource
                0x00000000       0x1c ..\obj\stm32f4xx_rcc.o
 .text.RCC_HCLKConfig
                0x00000000       0x38 ..\obj\stm32f4xx_rcc.o
 .text.RCC_PCLK1Config
                0x00000000       0x38 ..\obj\stm32f4xx_rcc.o
 .text.RCC_PCLK2Config
                0x00000000       0x38 ..\obj\stm32f4xx_rcc.o
 .text.RCC_RTCCLKConfig
                0x00000000       0x5c ..\obj\stm32f4xx_rcc.o
 .text.RCC_RTCCLKCmd
                0x00000000       0x20 ..\obj\stm32f4xx_rcc.o
 .text.RCC_BackupResetCmd
                0x00000000       0x20 ..\obj\stm32f4xx_rcc.o
 .text.RCC_I2SCLKConfig
                0x00000000       0x1c ..\obj\stm32f4xx_rcc.o
 .text.RCC_AHB2PeriphClockCmd
                0x00000000       0x3c ..\obj\stm32f4xx_rcc.o
 .text.RCC_AHB3PeriphClockCmd
                0x00000000       0x3c ..\obj\stm32f4xx_rcc.o
 .text.RCC_AHB1PeriphResetCmd
                0x00000000       0x3c ..\obj\stm32f4xx_rcc.o
 .text.RCC_AHB2PeriphResetCmd
                0x00000000       0x3c ..\obj\stm32f4xx_rcc.o
 .text.RCC_AHB3PeriphResetCmd
                0x00000000       0x3c ..\obj\stm32f4xx_rcc.o
 .text.RCC_APB1PeriphResetCmd
                0x00000000       0x3c ..\obj\stm32f4xx_rcc.o
 .text.RCC_APB2PeriphResetCmd
                0x00000000       0x3c ..\obj\stm32f4xx_rcc.o
 .text.RCC_AHB1PeriphClockLPModeCmd
                0x00000000       0x3c ..\obj\stm32f4xx_rcc.o
 .text.RCC_AHB2PeriphClockLPModeCmd
                0x00000000       0x3c ..\obj\stm32f4xx_rcc.o
 .text.RCC_AHB3PeriphClockLPModeCmd
                0x00000000       0x3c ..\obj\stm32f4xx_rcc.o
 .text.RCC_APB1PeriphClockLPModeCmd
                0x00000000       0x3c ..\obj\stm32f4xx_rcc.o
 .text.RCC_APB2PeriphClockLPModeCmd
                0x00000000       0x3c ..\obj\stm32f4xx_rcc.o
 .text.RCC_ITConfig
                0x00000000       0x4c ..\obj\stm32f4xx_rcc.o
 .text.RCC_GetFlagStatus
                0x00000000       0x74 ..\obj\stm32f4xx_rcc.o
 .text.RCC_ClearFlag
                0x00000000       0x1c ..\obj\stm32f4xx_rcc.o
 .text.RCC_GetITStatus
                0x00000000       0x34 ..\obj\stm32f4xx_rcc.o
 .text.RCC_ClearITPendingBit
                0x00000000       0x20 ..\obj\stm32f4xx_rcc.o
 .text          0x00000000        0x0 ..\obj\stm32f4xx_adc.o
 .data          0x00000000        0x0 ..\obj\stm32f4xx_adc.o
 .bss           0x00000000        0x0 ..\obj\stm32f4xx_adc.o
 .text.ADC_DeInit
                0x00000000       0x1c ..\obj\stm32f4xx_adc.o
 .text.ADC_StructInit
                0x00000000       0x3c ..\obj\stm32f4xx_adc.o
 .text.ADC_CommonStructInit
                0x00000000       0x2c ..\obj\stm32f4xx_adc.o
 .text.ADC_AnalogWatchdogCmd
                0x00000000       0x38 ..\obj\stm32f4xx_adc.o
 .text.ADC_AnalogWatchdogThresholdsConfig
                0x00000000       0x28 ..\obj\stm32f4xx_adc.o
 .text.ADC_AnalogWatchdogSingleChannelConfig
                0x00000000       0x38 ..\obj\stm32f4xx_adc.o
 .text.ADC_TempSensorVrefintCmd
                0x00000000       0x38 ..\obj\stm32f4xx_adc.o
 .text.ADC_VBATCmd
                0x00000000       0x38 ..\obj\stm32f4xx_adc.o
 .text.ADC_GetSoftwareStartConvStatus
                0x00000000       0x30 ..\obj\stm32f4xx_adc.o
 .text.ADC_EOCOnEachRegularChannelCmd
                0x00000000       0x38 ..\obj\stm32f4xx_adc.o
 .text.ADC_ContinuousModeCmd
                0x00000000       0x38 ..\obj\stm32f4xx_adc.o
 .text.ADC_DiscModeChannelCountConfig
                0x00000000       0x44 ..\obj\stm32f4xx_adc.o
 .text.ADC_DiscModeCmd
                0x00000000       0x38 ..\obj\stm32f4xx_adc.o
 .text.ADC_GetMultiModeConversionValue
                0x00000000       0x14 ..\obj\stm32f4xx_adc.o
 .text.ADC_DMACmd
                0x00000000       0x38 ..\obj\stm32f4xx_adc.o
 .text.ADC_DMARequestAfterLastTransferCmd
                0x00000000       0x38 ..\obj\stm32f4xx_adc.o
 .text.ADC_MultiModeDMARequestAfterLastTransferCmd
                0x00000000       0x38 ..\obj\stm32f4xx_adc.o
 .text.ADC_InjectedChannelConfig
                0x00000000      0x120 ..\obj\stm32f4xx_adc.o
 .text.ADC_InjectedSequencerLengthConfig
                0x00000000       0x44 ..\obj\stm32f4xx_adc.o
 .text.ADC_SetInjectedOffset
                0x00000000       0x34 ..\obj\stm32f4xx_adc.o
 .text.ADC_ExternalTrigInjectedConvConfig
                0x00000000       0x34 ..\obj\stm32f4xx_adc.o
 .text.ADC_ExternalTrigInjectedConvEdgeConfig
                0x00000000       0x34 ..\obj\stm32f4xx_adc.o
 .text.ADC_SoftwareStartInjectedConv
                0x00000000       0x20 ..\obj\stm32f4xx_adc.o
 .text.ADC_GetSoftwareStartInjectedConvCmdStatus
                0x00000000       0x30 ..\obj\stm32f4xx_adc.o
 .text.ADC_AutoInjectedConvCmd
                0x00000000       0x38 ..\obj\stm32f4xx_adc.o
 .text.ADC_InjectedDiscModeCmd
                0x00000000       0x38 ..\obj\stm32f4xx_adc.o
 .text.ADC_GetInjectedConversionValue
                0x00000000       0x30 ..\obj\stm32f4xx_adc.o
 .text.ADC_ITConfig
                0x00000000       0x50 ..\obj\stm32f4xx_adc.o
 .text.ADC_ClearFlag
                0x00000000       0x20 ..\obj\stm32f4xx_adc.o
 .text.ADC_GetITStatus
                0x00000000       0x5c ..\obj\stm32f4xx_adc.o
 .text.ADC_ClearITPendingBit
                0x00000000       0x2c ..\obj\stm32f4xx_adc.o
 .text          0x00000000        0x0 ..\obj\stm32f4xx_gpio.o
 .data          0x00000000        0x0 ..\obj\stm32f4xx_gpio.o
 .bss           0x00000000        0x0 ..\obj\stm32f4xx_gpio.o
 .text.GPIO_DeInit
                0x00000000      0x120 ..\obj\stm32f4xx_gpio.o
 .text.GPIO_StructInit
                0x00000000       0x34 ..\obj\stm32f4xx_gpio.o
 .text.GPIO_PinLockConfig
                0x00000000       0x44 ..\obj\stm32f4xx_gpio.o
 .text.GPIO_ReadInputDataBit
                0x00000000       0x34 ..\obj\stm32f4xx_gpio.o
 .text.GPIO_ReadInputData
                0x00000000       0x18 ..\obj\stm32f4xx_gpio.o
 .text.GPIO_ReadOutputDataBit
                0x00000000       0x34 ..\obj\stm32f4xx_gpio.o
 .text.GPIO_ReadOutputData
                0x00000000       0x18 ..\obj\stm32f4xx_gpio.o
 .text.GPIO_WriteBit
                0x00000000       0x30 ..\obj\stm32f4xx_gpio.o
 .text.GPIO_Write
                0x00000000       0x1c ..\obj\stm32f4xx_gpio.o
 .text.GPIO_ToggleBits
                0x00000000       0x24 ..\obj\stm32f4xx_gpio.o
 .text          0x00000000        0x0 ..\obj\system_stm32f4xx.o
 .data          0x00000000       0x14 ..\obj\system_stm32f4xx.o
 .bss           0x00000000        0x0 ..\obj\system_stm32f4xx.o
 .text.SystemCoreClockUpdate
                0x00000000       0xf8 ..\obj\system_stm32f4xx.o
 .text          0x00000000        0x0 ..\obj\stm32f4xx_exti.o
 .data          0x00000000        0x0 ..\obj\stm32f4xx_exti.o
 .bss           0x00000000        0x0 ..\obj\stm32f4xx_exti.o
 .text.EXTI_DeInit
                0x00000000       0x34 ..\obj\stm32f4xx_exti.o
 .text.EXTI_Init
                0x00000000       0xe4 ..\obj\stm32f4xx_exti.o
 .text.EXTI_StructInit
                0x00000000       0x2c ..\obj\stm32f4xx_exti.o
 .text.EXTI_GenerateSWInterrupt
                0x00000000       0x24 ..\obj\stm32f4xx_exti.o
 .text.EXTI_GetFlagStatus
                0x00000000       0x34 ..\obj\stm32f4xx_exti.o
 .text.EXTI_ClearFlag
                0x00000000       0x1c ..\obj\stm32f4xx_exti.o
 .text          0x00000000        0x0 ..\obj\misc.o
 .data          0x00000000        0x0 ..\obj\misc.o
 .bss           0x00000000        0x0 ..\obj\misc.o
 .text.NVIC_SetVectorTable
                0x00000000       0x2c ..\obj\misc.o
 .text.NVIC_SystemLPConfig
                0x00000000       0x40 ..\obj\misc.o
 .text.SysTick_CLKSourceConfig
                0x00000000       0x38 ..\obj\misc.o
 .text          0x00000000        0x0 ..\obj\stm32f4xx_tim.o
 .data          0x00000000        0x0 ..\obj\stm32f4xx_tim.o
 .bss           0x00000000        0x0 ..\obj\stm32f4xx_tim.o
 .text.TIM_DeInit
                0x00000000      0x1c0 ..\obj\stm32f4xx_tim.o
 .text.TIM_TimeBaseStructInit
                0x00000000       0x34 ..\obj\stm32f4xx_tim.o
 .text.TIM_PrescalerConfig
                0x00000000       0x28 ..\obj\stm32f4xx_tim.o
 .text.TIM_CounterModeConfig
                0x00000000       0x38 ..\obj\stm32f4xx_tim.o
 .text.TIM_SetCounter
                0x00000000       0x1c ..\obj\stm32f4xx_tim.o
 .text.TIM_SetAutoreload
                0x00000000       0x1c ..\obj\stm32f4xx_tim.o
 .text.TIM_GetCounter
                0x00000000       0x18 ..\obj\stm32f4xx_tim.o
 .text.TIM_GetPrescaler
                0x00000000       0x18 ..\obj\stm32f4xx_tim.o
 .text.TIM_UpdateDisableConfig
                0x00000000       0x40 ..\obj\stm32f4xx_tim.o
 .text.TIM_UpdateRequestConfig
                0x00000000       0x40 ..\obj\stm32f4xx_tim.o
 .text.TIM_ARRPreloadConfig
                0x00000000       0x40 ..\obj\stm32f4xx_tim.o
 .text.TIM_SelectOnePulseMode
                0x00000000       0x38 ..\obj\stm32f4xx_tim.o
 .text.TIM_SetClockDivision
                0x00000000       0x38 ..\obj\stm32f4xx_tim.o
 .text.TIM_OC1Init
                0x00000000       0xf4 ..\obj\stm32f4xx_tim.o
 .text.TIM_OC2Init
                0x00000000      0x110 ..\obj\stm32f4xx_tim.o
 .text.TIM_OC3Init
                0x00000000      0x10c ..\obj\stm32f4xx_tim.o
 .text.TIM_OC4Init
                0x00000000       0xcc ..\obj\stm32f4xx_tim.o
 .text.TIM_OCStructInit
                0x00000000       0x44 ..\obj\stm32f4xx_tim.o
 .text.TIM_SelectOCxM
                0x00000000       0xb0 ..\obj\stm32f4xx_tim.o
 .text.TIM_SetCompare1
                0x00000000       0x1c ..\obj\stm32f4xx_tim.o
 .text.TIM_SetCompare2
                0x00000000       0x1c ..\obj\stm32f4xx_tim.o
 .text.TIM_SetCompare3
                0x00000000       0x1c ..\obj\stm32f4xx_tim.o
 .text.TIM_SetCompare4
                0x00000000       0x1c ..\obj\stm32f4xx_tim.o
 .text.TIM_ForcedOC1Config
                0x00000000       0x38 ..\obj\stm32f4xx_tim.o
 .text.TIM_ForcedOC2Config
                0x00000000       0x3c ..\obj\stm32f4xx_tim.o
 .text.TIM_ForcedOC3Config
                0x00000000       0x38 ..\obj\stm32f4xx_tim.o
 .text.TIM_ForcedOC4Config
                0x00000000       0x3c ..\obj\stm32f4xx_tim.o
 .text.TIM_OC1PreloadConfig
                0x00000000       0x38 ..\obj\stm32f4xx_tim.o
 .text.TIM_OC2PreloadConfig
                0x00000000       0x3c ..\obj\stm32f4xx_tim.o
 .text.TIM_OC3PreloadConfig
                0x00000000       0x38 ..\obj\stm32f4xx_tim.o
 .text.TIM_OC4PreloadConfig
                0x00000000       0x3c ..\obj\stm32f4xx_tim.o
 .text.TIM_OC1FastConfig
                0x00000000       0x38 ..\obj\stm32f4xx_tim.o
 .text.TIM_OC2FastConfig
                0x00000000       0x3c ..\obj\stm32f4xx_tim.o
 .text.TIM_OC3FastConfig
                0x00000000       0x38 ..\obj\stm32f4xx_tim.o
 .text.TIM_OC4FastConfig
                0x00000000       0x3c ..\obj\stm32f4xx_tim.o
 .text.TIM_ClearOC1Ref
                0x00000000       0x38 ..\obj\stm32f4xx_tim.o
 .text.TIM_ClearOC2Ref
                0x00000000       0x3c ..\obj\stm32f4xx_tim.o
 .text.TIM_ClearOC3Ref
                0x00000000       0x38 ..\obj\stm32f4xx_tim.o
 .text.TIM_ClearOC4Ref
                0x00000000       0x3c ..\obj\stm32f4xx_tim.o
 .text.TIM_OC1PolarityConfig
                0x00000000       0x38 ..\obj\stm32f4xx_tim.o
 .text.TIM_OC1NPolarityConfig
                0x00000000       0x38 ..\obj\stm32f4xx_tim.o
 .text.TIM_OC2PolarityConfig
                0x00000000       0x3c ..\obj\stm32f4xx_tim.o
 .text.TIM_OC2NPolarityConfig
                0x00000000       0x3c ..\obj\stm32f4xx_tim.o
 .text.TIM_OC3PolarityConfig
                0x00000000       0x3c ..\obj\stm32f4xx_tim.o
 .text.TIM_OC3NPolarityConfig
                0x00000000       0x3c ..\obj\stm32f4xx_tim.o
 .text.TIM_OC4PolarityConfig
                0x00000000       0x3c ..\obj\stm32f4xx_tim.o
 .text.TIM_CCxCmd
                0x00000000       0x5c ..\obj\stm32f4xx_tim.o
 .text.TIM_CCxNCmd
                0x00000000       0x5c ..\obj\stm32f4xx_tim.o
 .text.TIM_ICInit
                0x00000000       0xa8 ..\obj\stm32f4xx_tim.o
 .text.TIM_ICStructInit
                0x00000000       0x30 ..\obj\stm32f4xx_tim.o
 .text.TIM_PWMIConfig
                0x00000000       0xb8 ..\obj\stm32f4xx_tim.o
 .text.TIM_GetCapture1
                0x00000000       0x18 ..\obj\stm32f4xx_tim.o
 .text.TIM_GetCapture2
                0x00000000       0x18 ..\obj\stm32f4xx_tim.o
 .text.TIM_GetCapture3
                0x00000000       0x18 ..\obj\stm32f4xx_tim.o
 .text.TIM_GetCapture4
                0x00000000       0x18 ..\obj\stm32f4xx_tim.o
 .text.TIM_SetIC1Prescaler
                0x00000000       0x38 ..\obj\stm32f4xx_tim.o
 .text.TIM_SetIC2Prescaler
                0x00000000       0x3c ..\obj\stm32f4xx_tim.o
 .text.TIM_SetIC3Prescaler
                0x00000000       0x38 ..\obj\stm32f4xx_tim.o
 .text.TIM_SetIC4Prescaler
                0x00000000       0x3c ..\obj\stm32f4xx_tim.o
 .text.TIM_BDTRConfig
                0x00000000       0x50 ..\obj\stm32f4xx_tim.o
 .text.TIM_BDTRStructInit
                0x00000000       0x3c ..\obj\stm32f4xx_tim.o
 .text.TIM_CtrlPWMOutputs
                0x00000000       0x4c ..\obj\stm32f4xx_tim.o
 .text.TIM_SelectCOM
                0x00000000       0x40 ..\obj\stm32f4xx_tim.o
 .text.TIM_CCPreloadControl
                0x00000000       0x40 ..\obj\stm32f4xx_tim.o
 .text.TIM_GenerateEvent
                0x00000000       0x1c ..\obj\stm32f4xx_tim.o
 .text.TIM_GetFlagStatus
                0x00000000       0x38 ..\obj\stm32f4xx_tim.o
 .text.TIM_ClearFlag
                0x00000000       0x20 ..\obj\stm32f4xx_tim.o
 .text.TIM_DMAConfig
                0x00000000       0x28 ..\obj\stm32f4xx_tim.o
 .text.TIM_DMACmd
                0x00000000       0x48 ..\obj\stm32f4xx_tim.o
 .text.TIM_SelectCCDMA
                0x00000000       0x40 ..\obj\stm32f4xx_tim.o
 .text.TIM_InternalClockConfig
                0x00000000       0x24 ..\obj\stm32f4xx_tim.o
 .text.TIM_ITRxExternalClockConfig
                0x00000000       0x30 ..\obj\stm32f4xx_tim.o
 .text.TIM_TIxExternalClockConfig
                0x00000000       0x5c ..\obj\stm32f4xx_tim.o
 .text.TIM_ETRClockMode1Config
                0x00000000       0x60 ..\obj\stm32f4xx_tim.o
 .text.TIM_ETRClockMode2Config
                0x00000000       0x40 ..\obj\stm32f4xx_tim.o
 .text.TIM_SelectInputTrigger
                0x00000000       0x38 ..\obj\stm32f4xx_tim.o
 .text.TIM_SelectOutputTrigger
                0x00000000       0x38 ..\obj\stm32f4xx_tim.o
 .text.TIM_SelectSlaveMode
                0x00000000       0x38 ..\obj\stm32f4xx_tim.o
 .text.TIM_SelectMasterSlaveMode
                0x00000000       0x38 ..\obj\stm32f4xx_tim.o
 .text.TIM_ETRConfig
                0x00000000       0x54 ..\obj\stm32f4xx_tim.o
 .text.TIM_EncoderInterfaceConfig
                0x00000000       0x98 ..\obj\stm32f4xx_tim.o
 .text.TIM_SelectHallSensor
                0x00000000       0x40 ..\obj\stm32f4xx_tim.o
 .text.TIM_RemapConfig
                0x00000000       0x20 ..\obj\stm32f4xx_tim.o
 .text.TI1_Config
                0x00000000       0x84 ..\obj\stm32f4xx_tim.o
 .text.TI2_Config
                0x00000000       0x98 ..\obj\stm32f4xx_tim.o
 .text.TI3_Config
                0x00000000       0x90 ..\obj\stm32f4xx_tim.o
 .text.TI4_Config
                0x00000000       0x9c ..\obj\stm32f4xx_tim.o

Memory Configuration

Name             Origin             Length             Attributes
rom              0x08000000         0x00100000         xr
ram              0x20000000         0x00020000         xrw
ram1             0x10000000         0x00010000         xrw
*default*        0x00000000         0xffffffff

Linker script and memory map

                0x20020000                _eram = 0x20020000

.text           0x08000000     0x1500
 *(.isr_vector)
 .isr_vector    0x08000000      0x188 ..\obj\startup_stm32f4xx.o
                0x08000000                g_pfnVectors
 *(.text*)
 .text.USART_Init
                0x08000188      0x178 ..\obj\stm32f4xx_usart.o
                0x08000188                USART_Init
 .text.USART_Cmd
                0x08000300       0x40 ..\obj\stm32f4xx_usart.o
                0x08000300                USART_Cmd
 .text.USART_SendData
                0x08000340       0x24 ..\obj\stm32f4xx_usart.o
                0x08000340                USART_SendData
 .text.USART_ITConfig
                0x08000364       0x90 ..\obj\stm32f4xx_usart.o
                0x08000364                USART_ITConfig
 .text.USART_GetITStatus
                0x080003f4       0xb4 ..\obj\stm32f4xx_usart.o
                0x080003f4                USART_GetITStatus
 .text.Default_Reset_Handler
                0x080004a8       0x5c ..\obj\startup_stm32f4xx.o
                0x080004a8                Default_Reset_Handler
                0x080004a8                Reset_Handler
 .text.Default_Handler
                0x08000504        0x8 ..\obj\startup_stm32f4xx.o
                0x08000504                RTC_Alarm_IRQHandler
                0x08000504                HASH_RNG_IRQHandler
                0x08000504                EXTI2_IRQHandler
                0x08000504                TIM8_CC_IRQHandler
                0x08000504                DebugMon_Handler
                0x08000504                TIM1_CC_IRQHandler
                0x08000504                DMA2_Stream5_IRQHandler
                0x08000504                HardFault_Handler
                0x08000504                DMA1_Stream5_IRQHandler
                0x08000504                SysTick_Handler
                0x08000504                PVD_IRQHandler
                0x08000504                SDIO_IRQHandler
                0x08000504                TAMP_STAMP_IRQHandler
                0x08000504                PendSV_Handler
                0x08000504                NMI_Handler
                0x08000504                CAN2_RX1_IRQHandler
                0x08000504                EXTI3_IRQHandler
                0x08000504                TIM8_TRG_COM_TIM14_IRQHandler
                0x08000504                TIM1_UP_TIM10_IRQHandler
                0x08000504                TIM8_UP_TIM13_IRQHandler
                0x08000504                I2C3_ER_IRQHandler
                0x08000504                I2C2_EV_IRQHandler
                0x08000504                DMA1_Stream2_IRQHandler
                0x08000504                CAN1_RX0_IRQHandler
                0x08000504                FPU_IRQHandler
                0x08000504                OTG_HS_WKUP_IRQHandler
                0x08000504                UsageFault_Handler
                0x08000504                CAN2_SCE_IRQHandler
                0x08000504                DMA2_Stream2_IRQHandler
                0x08000504                SPI1_IRQHandler
                0x08000504                TIM6_DAC_IRQHandler
                0x08000504                TIM1_BRK_TIM9_IRQHandler
                0x08000504                DCMI_IRQHandler
                0x08000504                CAN2_RX0_IRQHandler
                0x08000504                DMA2_Stream3_IRQHandler
                0x08000504                USART6_IRQHandler
                0x08000504                CRYP_IRQHandler
                0x08000504                CAN1_RX1_IRQHandler
                0x08000504                UART5_IRQHandler
                0x08000504                DMA2_Stream0_IRQHandler
                0x08000504                TIM4_IRQHandler
                0x08000504                I2C1_EV_IRQHandler
                0x08000504                DMA1_Stream6_IRQHandler
                0x08000504                DMA1_Stream1_IRQHandler
                0x08000504                UART4_IRQHandler
                0x08000504                TIM3_IRQHandler
                0x08000504                RCC_IRQHandler
                0x08000504                TIM8_BRK_TIM12_IRQHandler
                0x08000504                EXTI15_10_IRQHandler
                0x08000504                ADC_IRQHandler
                0x08000504                DMA1_Stream7_IRQHandler
                0x08000504                TIM7_IRQHandler
                0x08000504                CAN2_TX_IRQHandler
                0x08000504                DMA2_Stream7_IRQHandler
                0x08000504                I2C3_EV_IRQHandler
                0x08000504                EXTI9_5_IRQHandler
                0x08000504                RTC_WKUP_IRQHandler
                0x08000504                ETH_WKUP_IRQHandler
                0x08000504                SPI2_IRQHandler
                0x08000504                OTG_HS_EP1_IN_IRQHandler
                0x08000504                MemManage_Handler
                0x08000504                DMA1_Stream0_IRQHandler
                0x08000504                CAN1_TX_IRQHandler
                0x08000504                SVC_Handler
                0x08000504                EXTI4_IRQHandler
                0x08000504                FSMC_IRQHandler
                0x08000504                ETH_IRQHandler
                0x08000504                OTG_HS_EP1_OUT_IRQHandler
                0x08000504                WWDG_IRQHandler
                0x08000504                TIM2_IRQHandler
                0x08000504                OTG_FS_WKUP_IRQHandler
                0x08000504                TIM1_TRG_COM_TIM11_IRQHandler
                0x08000504                OTG_HS_IRQHandler
                0x08000504                EXTI1_IRQHandler
                0x08000504                USART2_IRQHandler
                0x08000504                I2C2_ER_IRQHandler
                0x08000504                DMA2_Stream1_IRQHandler
                0x08000504                CAN1_SCE_IRQHandler
                0x08000504                FLASH_IRQHandler
                0x08000504                DMA2_Stream4_IRQHandler
                0x08000504                BusFault_Handler
                0x08000504                USART1_IRQHandler
                0x08000504                OTG_FS_IRQHandler
                0x08000504                SPI3_IRQHandler
                0x08000504                DMA1_Stream4_IRQHandler
                0x08000504                I2C1_ER_IRQHandler
                0x08000504                DMA2_Stream6_IRQHandler
                0x08000504                DMA1_Stream3_IRQHandler
 .text.NVIC_EnableIRQ
                0x0800050c       0x30 ..\obj\main.o
 .text.usart_wyslijliczbe
                0x0800053c       0xb0 ..\obj\main.o
                0x0800053c                usart_wyslijliczbe
 .text.USART3_IRQHandler
                0x080005ec       0x60 ..\obj\main.o
                0x080005ec                USART3_IRQHandler
 .text.diody    0x0800064c       0x3c ..\obj\main.o
                0x0800064c                diody
 .text.timer5   0x08000688       0x40 ..\obj\main.o
                0x08000688                timer5
 .text.przerwanie_timer5
                0x080006c8       0x3c ..\obj\main.o
                0x080006c8                przerwanie_timer5
 .text.TIM5_IRQHandler
                0x08000704       0xd0 ..\obj\main.o
                0x08000704                TIM5_IRQHandler
 .text.EXTI0_IRQHandler
                0x080007d4       0x1c ..\obj\main.o
                0x080007d4                EXTI0_IRQHandler
 .text.adc      0x080007f0       0x98 ..\obj\main.o
                0x080007f0                adc
 .text.usart    0x08000888       0xcc ..\obj\main.o
                0x08000888                usart
 .text.main     0x08000954       0x28 ..\obj\main.o
                0x08000954                main
 .text.RCC_GetClocksFreq
                0x0800097c      0x154 ..\obj\stm32f4xx_rcc.o
                0x0800097c                RCC_GetClocksFreq
 .text.RCC_AHB1PeriphClockCmd
                0x08000ad0       0x3c ..\obj\stm32f4xx_rcc.o
                0x08000ad0                RCC_AHB1PeriphClockCmd
 .text.RCC_APB1PeriphClockCmd
                0x08000b0c       0x3c ..\obj\stm32f4xx_rcc.o
                0x08000b0c                RCC_APB1PeriphClockCmd
 .text.RCC_APB2PeriphClockCmd
                0x08000b48       0x3c ..\obj\stm32f4xx_rcc.o
                0x08000b48                RCC_APB2PeriphClockCmd
 .text.ADC_Init
                0x08000b84       0xa8 ..\obj\stm32f4xx_adc.o
                0x08000b84                ADC_Init
 .text.ADC_CommonInit
                0x08000c2c       0x50 ..\obj\stm32f4xx_adc.o
                0x08000c2c                ADC_CommonInit
 .text.ADC_Cmd  0x08000c7c       0x38 ..\obj\stm32f4xx_adc.o
                0x08000c7c                ADC_Cmd
 .text.ADC_RegularChannelConfig
                0x08000cb4      0x194 ..\obj\stm32f4xx_adc.o
                0x08000cb4                ADC_RegularChannelConfig
 .text.ADC_SoftwareStartConv
                0x08000e48       0x20 ..\obj\stm32f4xx_adc.o
                0x08000e48                ADC_SoftwareStartConv
 .text.ADC_GetConversionValue
                0x08000e68       0x18 ..\obj\stm32f4xx_adc.o
                0x08000e68                ADC_GetConversionValue
 .text.ADC_GetFlagStatus
                0x08000e80       0x34 ..\obj\stm32f4xx_adc.o
                0x08000e80                ADC_GetFlagStatus
 .text.GPIO_Init
                0x08000eb4      0x11c ..\obj\stm32f4xx_gpio.o
                0x08000eb4                GPIO_Init
 .text.GPIO_SetBits
                0x08000fd0       0x1c ..\obj\stm32f4xx_gpio.o
                0x08000fd0                GPIO_SetBits
 .text.GPIO_ResetBits
                0x08000fec       0x1c ..\obj\stm32f4xx_gpio.o
                0x08000fec                GPIO_ResetBits
 .text.GPIO_PinAFConfig
                0x08001008       0x90 ..\obj\stm32f4xx_gpio.o
                0x08001008                GPIO_PinAFConfig
 .text.SystemInit
                0x08001098       0x5c ..\obj\system_stm32f4xx.o
                0x08001098                SystemInit
 .text.SetSysClock
                0x080010f4       0xf4 ..\obj\system_stm32f4xx.o
 .text.EXTI_GetITStatus
                0x080011e8       0x48 ..\obj\stm32f4xx_exti.o
                0x080011e8                EXTI_GetITStatus
 .text.EXTI_ClearITPendingBit
                0x08001230       0x1c ..\obj\stm32f4xx_exti.o
                0x08001230                EXTI_ClearITPendingBit
 .text.NVIC_PriorityGroupConfig
                0x0800124c       0x24 ..\obj\misc.o
                0x0800124c                NVIC_PriorityGroupConfig
 .text.NVIC_Init
                0x08001270       0xc0 ..\obj\misc.o
                0x08001270                NVIC_Init
 .text.TIM_TimeBaseInit
                0x08001330       0xd4 ..\obj\stm32f4xx_tim.o
                0x08001330                TIM_TimeBaseInit
 .text.TIM_Cmd  0x08001404       0x40 ..\obj\stm32f4xx_tim.o
                0x08001404                TIM_Cmd
 .text.TIM_ITConfig
                0x08001444       0x48 ..\obj\stm32f4xx_tim.o
                0x08001444                TIM_ITConfig
 .text.TIM_GetITStatus
                0x0800148c       0x54 ..\obj\stm32f4xx_tim.o
                0x0800148c                TIM_GetITStatus
 .text.TIM_ClearITPendingBit
                0x080014e0       0x20 ..\obj\stm32f4xx_tim.o
                0x080014e0                TIM_ClearITPendingBit
 *(.init)
 *(.fini)
 *crtbegin.o(.ctors)
 *crtbegin?.o(.ctors)
 *(EXCLUDE_FILE(*crtend.o *crtend?.o) .ctors)
 *(SORT(.ctors.*))
 *(.ctors)
 *crtbegin.o(.dtors)
 *crtbegin?.o(.dtors)
 *(EXCLUDE_FILE(*crtend.o *crtend?.o) .dtors)
 *(SORT(.dtors.*))
 *(.dtors)
 *(.rodata*)
 *(.eh_fram e*)

.glue_7         0x08001500        0x0
 .glue_7        0x08001500        0x0 linker stubs

.glue_7t        0x08001500        0x0
 .glue_7t       0x08001500        0x0 linker stubs

.vfp11_veneer   0x08001500        0x0
 .vfp11_veneer  0x08001500        0x0 linker stubs

.v4_bx          0x08001500        0x0
 .v4_bx         0x08001500        0x0 linker stubs

.iplt           0x08001500        0x0
 .iplt          0x08001500        0x0 ..\obj\stm32f4xx_syscfg.o

.rel.dyn        0x08001500        0x0
 .rel.iplt      0x08001500        0x0 ..\obj\stm32f4xx_syscfg.o

.ARM.extab
 *(.ARM.extab* .gnu.linkonce.armextab.*)
                0x08001500                __exidx_start = .

.ARM.exidx
 *(.ARM.exidx* .gnu.linkonce.armexidx.*)
                0x08001500                __exidx_end = .
                0x08001500                __etext = .
                0x08001500                _sidata = __etext

.data           0x20000000       0x10 load address 0x08001500
                0x20000000                __data_start__ = .
                0x20000000                _sdata = __data_start__
 *(vtable)
 *(.data*)
 .data          0x20000000       0x10 ..\obj\stm32f4xx_rcc.o
                0x20000010                . = ALIGN (0x4)
                [!provide]                PROVIDE (__preinit_array_start, .)
 *(.preinit_array)
                [!provide]                PROVIDE (__preinit_array_end, .)
                0x20000010                . = ALIGN (0x4)
                [!provide]                PROVIDE (__init_array_start, .)
 *(SORT(.init_array.*))
 *(.init_array)
                [!provide]                PROVIDE (__init_array_end, .)
                0x20000010                . = ALIGN (0x4)
                [!provide]                PROVIDE (__fini_array_start, .)
 *(SORT(.fini_array.*))
 *(.fini_array)
                [!provide]                PROVIDE (__fini_array_end, .)
 *(.jcr*)
                0x20000010                . = ALIGN (0x4)
                0x20000010                __data_end__ = .
                0x20000010                _edata = __data_end__

.igot.plt       0x20000010        0x0 load address 0x08001510
 .igot.plt      0x20000010        0x0 ..\obj\stm32f4xx_syscfg.o

.bss            0x20000010        0x4 load address 0x08001510
                0x20000010                . = ALIGN (0x4)
                0x20000010                __bss_start__ = .
                0x20000010                _sbss = __bss_start__
 *(.bss*)
 .bss           0x20000010        0x1 ..\obj\main.o
                0x20000010                czy_wysylac
 *(COMMON)
 *fill*         0x20000011        0x1 
 COMMON         0x20000012        0x2 ..\obj\main.o
                0x20000012                ADC_Result
                0x20000014                . = ALIGN (0x4)
                0x20000014                __bss_end__ = .
                0x20000014                _ebss = __bss_end__

.heap           0x20000014        0x0
                0x20000014                __end__ = .
                0x20000014                _end = __end__
                0x20000014                end = __end__
 *(.heap*)
                0x20000014                __HeapLimit = .

.co_stack       0x20000014      0x804 load address 0x08001514
                0x20000018                . = ALIGN (0x8)
 *fill*         0x20000014        0x4 
 *(.co_stack .co_stack.*)
 .co_stack      0x20000018      0x800 ..\obj\startup_stm32f4xx.o
                0x20000018                pulStack
                0x20020000                __StackTop = (ORIGIN (ram) + LENGTH (ram))
                0x2001f7fc                __StackLimit = (__StackTop - SIZEOF (.co_stack))
                [!provide]                PROVIDE (__stack, __StackTop)
                0x00000001                ASSERT ((__StackLimit >= __HeapLimit), region ram  overflowed with stack)
LOAD ..\obj\stm32f4xx_syscfg.o
LOAD ..\obj\stm32f4xx_usart.o
LOAD ..\obj\startup_stm32f4xx.o
LOAD ..\obj\main.o
LOAD ..\obj\stm32f4xx_rcc.o
LOAD ..\obj\stm32f4xx_adc.o
LOAD ..\obj\stm32f4xx_gpio.o
LOAD ..\obj\system_stm32f4xx.o
LOAD ..\obj\stm32f4xx_exti.o
LOAD ..\obj\misc.o
LOAD ..\obj\stm32f4xx_tim.o
START GROUP
LOAD c:/program files (x86)/gnu tools arm embedded/5.2 2015q4/bin/../lib/gcc/arm-none-eabi/5.2.1/armv7e-m\libgcc.a
LOAD c:/program files (x86)/gnu tools arm embedded/5.2 2015q4/bin/../lib/gcc/arm-none-eabi/5.2.1/../../../../arm-none-eabi/lib/armv7e-m\libg.a
LOAD c:/program files (x86)/gnu tools arm embedded/5.2 2015q4/bin/../lib/gcc/arm-none-eabi/5.2.1/../../../../arm-none-eabi/lib/armv7e-m\libc.a
END GROUP
OUTPUT(StmAlcoFon.elf elf32-littlearm)

.debug_info     0x00000000     0x62b2
 .debug_info    0x00000000      0x9ca ..\obj\stm32f4xx_usart.o
 .debug_info    0x000009ca       0xed ..\obj\startup_stm32f4xx.o
 .debug_info    0x00000ab7      0xeb1 ..\obj\main.o
 .debug_info    0x00001968      0xc59 ..\obj\stm32f4xx_rcc.o
 .debug_info    0x000025c1      0xc40 ..\obj\stm32f4xx_adc.o
 .debug_info    0x00003201      0x61a ..\obj\stm32f4xx_gpio.o
 .debug_info    0x0000381b      0x596 ..\obj\system_stm32f4xx.o
 .debug_info    0x00003db1      0x357 ..\obj\stm32f4xx_exti.o
 .debug_info    0x00004108      0x541 ..\obj\misc.o
 .debug_info    0x00004649     0x1c69 ..\obj\stm32f4xx_tim.o

.debug_abbrev   0x00000000      0xf2d
 .debug_abbrev  0x00000000      0x157 ..\obj\stm32f4xx_usart.o
 .debug_abbrev  0x00000157       0xb0 ..\obj\startup_stm32f4xx.o
 .debug_abbrev  0x00000207      0x251 ..\obj\main.o
 .debug_abbrev  0x00000458      0x1e5 ..\obj\stm32f4xx_rcc.o
 .debug_abbrev  0x0000063d      0x198 ..\obj\stm32f4xx_adc.o
 .debug_abbrev  0x000007d5      0x1a7 ..\obj\stm32f4xx_gpio.o
 .debug_abbrev  0x0000097c      0x138 ..\obj\system_stm32f4xx.o
 .debug_abbrev  0x00000ab4      0x1a9 ..\obj\stm32f4xx_exti.o
 .debug_abbrev  0x00000c5d      0x147 ..\obj\misc.o
 .debug_abbrev  0x00000da4      0x189 ..\obj\stm32f4xx_tim.o

.debug_aranges  0x00000000      0x8c0
 .debug_aranges
                0x00000000      0x100 ..\obj\stm32f4xx_usart.o
 .debug_aranges
                0x00000100       0x28 ..\obj\startup_stm32f4xx.o
 .debug_aranges
                0x00000128       0x90 ..\obj\main.o
 .debug_aranges
                0x000001b8      0x178 ..\obj\stm32f4xx_rcc.o
 .debug_aranges
                0x00000330      0x148 ..\obj\stm32f4xx_adc.o
 .debug_aranges
                0x00000478       0x88 ..\obj\stm32f4xx_gpio.o
 .debug_aranges
                0x00000500       0x30 ..\obj\system_stm32f4xx.o
 .debug_aranges
                0x00000530       0x58 ..\obj\stm32f4xx_exti.o
 .debug_aranges
                0x00000588       0x40 ..\obj\misc.o
 .debug_aranges
                0x000005c8      0x2f8 ..\obj\stm32f4xx_tim.o

.debug_ranges   0x00000000      0x820
 .debug_ranges  0x00000000       0xf0 ..\obj\stm32f4xx_usart.o
 .debug_ranges  0x000000f0       0x18 ..\obj\startup_stm32f4xx.o
 .debug_ranges  0x00000108       0x80 ..\obj\main.o
 .debug_ranges  0x00000188      0x168 ..\obj\stm32f4xx_rcc.o
 .debug_ranges  0x000002f0      0x138 ..\obj\stm32f4xx_adc.o
 .debug_ranges  0x00000428       0x78 ..\obj\stm32f4xx_gpio.o
 .debug_ranges  0x000004a0       0x20 ..\obj\system_stm32f4xx.o
 .debug_ranges  0x000004c0       0x48 ..\obj\stm32f4xx_exti.o
 .debug_ranges  0x00000508       0x30 ..\obj\misc.o
 .debug_ranges  0x00000538      0x2e8 ..\obj\stm32f4xx_tim.o

.debug_line     0x00000000     0x2989
 .debug_line    0x00000000      0x4c1 ..\obj\stm32f4xx_usart.o
 .debug_line    0x000004c1       0x9b ..\obj\startup_stm32f4xx.o
 .debug_line    0x0000055c      0x405 ..\obj\main.o
 .debug_line    0x00000961      0x5ad ..\obj\stm32f4xx_rcc.o
 .debug_line    0x00000f0e      0x565 ..\obj\stm32f4xx_adc.o
 .debug_line    0x00001473      0x368 ..\obj\stm32f4xx_gpio.o
 .debug_line    0x000017db      0x1f6 ..\obj\system_stm32f4xx.o
 .debug_line    0x000019d1      0x2a9 ..\obj\stm32f4xx_exti.o
 .debug_line    0x00001c7a      0x246 ..\obj\misc.o
 .debug_line    0x00001ec0      0xac9 ..\obj\stm32f4xx_tim.o

.debug_str      0x00000000     0x2cd0
 .debug_str     0x00000000      0x60e ..\obj\stm32f4xx_usart.o
                                0x689 (size before relaxing)
 .debug_str     0x0000060e       0xaa ..\obj\startup_stm32f4xx.o
                                0x141 (size before relaxing)
 .debug_str     0x000006b8      0xc03 ..\obj\main.o
                                0xe7b (size before relaxing)
 .debug_str     0x000012bb      0x5dd ..\obj\stm32f4xx_rcc.o
                                0x84a (size before relaxing)
 .debug_str     0x00001898      0x4f1 ..\obj\stm32f4xx_adc.o
                                0x7fe (size before relaxing)
 .debug_str     0x00001d89      0x198 ..\obj\stm32f4xx_gpio.o
                                0x49d (size before relaxing)
 .debug_str     0x00001f21      0x112 ..\obj\system_stm32f4xx.o
                                0x3a4 (size before relaxing)
 .debug_str     0x00002033       0xfa ..\obj\stm32f4xx_exti.o
                                0x353 (size before relaxing)
 .debug_str     0x0000212d      0x123 ..\obj\misc.o
                                0x3c8 (size before relaxing)
 .debug_str     0x00002250      0xa80 ..\obj\stm32f4xx_tim.o
                                0xdca (size before relaxing)

.comment        0x00000000       0x6e
 .comment       0x00000000       0x6e ..\obj\stm32f4xx_usart.o
                                 0x6f (size before relaxing)
 .comment       0x0000006e       0x6f ..\obj\startup_stm32f4xx.o
 .comment       0x0000006e       0x6f ..\obj\main.o
 .comment       0x0000006e       0x6f ..\obj\stm32f4xx_rcc.o
 .comment       0x0000006e       0x6f ..\obj\stm32f4xx_adc.o
 .comment       0x0000006e       0x6f ..\obj\stm32f4xx_gpio.o
 .comment       0x0000006e       0x6f ..\obj\system_stm32f4xx.o
 .comment       0x0000006e       0x6f ..\obj\stm32f4xx_exti.o
 .comment       0x0000006e       0x6f ..\obj\misc.o
 .comment       0x0000006e       0x6f ..\obj\stm32f4xx_tim.o

.ARM.attributes
                0x00000000       0x33
 .ARM.attributes
                0x00000000       0x33 ..\obj\stm32f4xx_usart.o
 .ARM.attributes
                0x00000033       0x33 ..\obj\startup_stm32f4xx.o
 .ARM.attributes
                0x00000066       0x33 ..\obj\main.o
 .ARM.attributes
                0x00000099       0x33 ..\obj\stm32f4xx_rcc.o
 .ARM.attributes
                0x000000cc       0x33 ..\obj\stm32f4xx_adc.o
 .ARM.attributes
                0x000000ff       0x33 ..\obj\stm32f4xx_gpio.o
 .ARM.attributes
                0x00000132       0x33 ..\obj\system_stm32f4xx.o
 .ARM.attributes
                0x00000165       0x33 ..\obj\stm32f4xx_exti.o
 .ARM.attributes
                0x00000198       0x33 ..\obj\misc.o
 .ARM.attributes
                0x000001cb       0x33 ..\obj\stm32f4xx_tim.o

.debug_frame    0x00000000     0x26d8
 .debug_frame   0x00000000      0x490 ..\obj\stm32f4xx_usart.o
 .debug_frame   0x00000490       0x4c ..\obj\startup_stm32f4xx.o
 .debug_frame   0x000004dc      0x210 ..\obj\main.o
 .debug_frame   0x000006ec      0x6d4 ..\obj\stm32f4xx_rcc.o
 .debug_frame   0x00000dc0      0x5ec ..\obj\stm32f4xx_adc.o
 .debug_frame   0x000013ac      0x23c ..\obj\stm32f4xx_gpio.o
 .debug_frame   0x000015e8       0x7c ..\obj\system_stm32f4xx.o
 .debug_frame   0x00001664      0x148 ..\obj\stm32f4xx_exti.o
 .debug_frame   0x000017ac       0xd8 ..\obj\misc.o
 .debug_frame   0x00001884      0xe54 ..\obj\stm32f4xx_tim.o
